Archive member included because of file (symbol)

d:/emcaddad imt/01- tools/imt_sdk_win_64/winavr/bin/../lib/gcc/avr/4.3.3/avr5\libgcc.a(_divmodsi4.o)
                              ./HAL/LCD/LCD_pro.o (__divmodsi4)
d:/emcaddad imt/01- tools/imt_sdk_win_64/winavr/bin/../lib/gcc/avr/4.3.3/avr5\libgcc.a(_exit.o)
                              d:/emcaddad imt/01- tools/imt_sdk_win_64/winavr/bin/../lib/gcc/avr/4.3.3/../../../../avr/lib/avr5/crtm32.o (exit)
d:/emcaddad imt/01- tools/imt_sdk_win_64/winavr/bin/../lib/gcc/avr/4.3.3/avr5\libgcc.a(_copy_data.o)
                              ./app/main.o (__do_copy_data)
d:/emcaddad imt/01- tools/imt_sdk_win_64/winavr/bin/../lib/gcc/avr/4.3.3/avr5\libgcc.a(_clear_bss.o)
                              ./app/main.o (__do_clear_bss)
d:/emcaddad imt/01- tools/imt_sdk_win_64/winavr/bin/../lib/gcc/avr/4.3.3/avr5\libgcc.a(_udivmodsi4.o)
                              d:/emcaddad imt/01- tools/imt_sdk_win_64/winavr/bin/../lib/gcc/avr/4.3.3/avr5\libgcc.a(_divmodsi4.o) (__udivmodsi4)

Allocating common symbols
Common symbol       size              file

ADC_Callback_2      0x2               ./MCAL/ADC/MADC-pro.o
G_TIM0_OVF_Callback
                    0x2               ./MCAL/TIMER/TIMER-pro.o
ADC_Callback        0x2               ./MCAL/ADC/MADC-pro.o
G_u32IntervalCount  0x4               ./MCAL/TIMER/TIMER-pro.o
G_pu16ADC_Data      0x2               ./MCAL/ADC/MADC-pro.o

Memory Configuration

Name             Origin             Length             Attributes
text             0x00000000         0x00020000         xr
data             0x00800060         0x0000ffa0         rw !x
eeprom           0x00810000         0x00010000         rw !x
fuse             0x00820000         0x00000400         rw !x
lock             0x00830000         0x00000400         rw !x
signature        0x00840000         0x00000400         rw !x
*default*        0x00000000         0xffffffff

Linker script and memory map

LOAD d:/emcaddad imt/01- tools/imt_sdk_win_64/winavr/bin/../lib/gcc/avr/4.3.3/../../../../avr/lib/avr5/crtm32.o
LOAD ./app/main.o
LOAD ./MCAL/TIMER/TIMER-pro.o
LOAD ./MCAL/GIE/GIE_prg.o
LOAD ./MCAL/EXTI/EXTI-pro.o
LOAD ./MCAL/DIO/DIO_pro.o
LOAD ./MCAL/ADC/MADC-pro.o
LOAD ./HAL/LCD/LCD_pro.o
LOAD ./HAL/KPD/KPD_pro.o
LOAD ./HAL/DC-MOTOR/DCM-pro.o
LOAD d:/emcaddad imt/01- tools/imt_sdk_win_64/winavr/bin/../lib/gcc/avr/4.3.3/avr5\libgcc.a
LOAD d:/emcaddad imt/01- tools/imt_sdk_win_64/winavr/bin/../lib/gcc/avr/4.3.3/../../../../avr/lib/avr5\libc.a
LOAD d:/emcaddad imt/01- tools/imt_sdk_win_64/winavr/bin/../lib/gcc/avr/4.3.3/avr5\libgcc.a

.hash
 *(.hash)

.dynsym
 *(.dynsym)

.dynstr
 *(.dynstr)

.gnu.version
 *(.gnu.version)

.gnu.version_d
 *(.gnu.version_d)

.gnu.version_r
 *(.gnu.version_r)

.rel.init
 *(.rel.init)

.rela.init
 *(.rela.init)

.rel.text
 *(.rel.text)
 *(.rel.text.*)
 *(.rel.gnu.linkonce.t*)

.rela.text
 *(.rela.text)
 *(.rela.text.*)
 *(.rela.gnu.linkonce.t*)

.rel.fini
 *(.rel.fini)

.rela.fini
 *(.rela.fini)

.rel.rodata
 *(.rel.rodata)
 *(.rel.rodata.*)
 *(.rel.gnu.linkonce.r*)

.rela.rodata
 *(.rela.rodata)
 *(.rela.rodata.*)
 *(.rela.gnu.linkonce.r*)

.rel.data
 *(.rel.data)
 *(.rel.data.*)
 *(.rel.gnu.linkonce.d*)

.rela.data
 *(.rela.data)
 *(.rela.data.*)
 *(.rela.gnu.linkonce.d*)

.rel.ctors
 *(.rel.ctors)

.rela.ctors
 *(.rela.ctors)

.rel.dtors
 *(.rel.dtors)

.rela.dtors
 *(.rela.dtors)

.rel.got
 *(.rel.got)

.rela.got
 *(.rela.got)

.rel.bss
 *(.rel.bss)

.rela.bss
 *(.rela.bss)

.rel.plt
 *(.rel.plt)

.rela.plt
 *(.rela.plt)

.text           0x00000000      0xcf6
 *(.vectors)
 .vectors       0x00000000       0x54 d:/emcaddad imt/01- tools/imt_sdk_win_64/winavr/bin/../lib/gcc/avr/4.3.3/../../../../avr/lib/avr5/crtm32.o
                0x00000000                __vectors
                0x00000000                __vector_default
 *(.vectors)
 *(.progmem.gcc*)
 *(.progmem*)
                0x00000054                . = ALIGN (0x2)
                0x00000054                __trampolines_start = .
 *(.trampolines)
 .trampolines   0x00000054        0x0 linker stubs
 *(.trampolines*)
                0x00000054                __trampolines_end = .
 *(.jumptables)
 *(.jumptables*)
 *(.lowtext)
 *(.lowtext*)
                0x00000054                __ctors_start = .
 *(.ctors)
                0x00000054                __ctors_end = .
                0x00000054                __dtors_start = .
 *(.dtors)
                0x00000054                __dtors_end = .
 SORT(*)(.ctors)
 SORT(*)(.dtors)
 *(.init0)
 .init0         0x00000054        0x0 d:/emcaddad imt/01- tools/imt_sdk_win_64/winavr/bin/../lib/gcc/avr/4.3.3/../../../../avr/lib/avr5/crtm32.o
                0x00000054                __init
 *(.init0)
 *(.init1)
 *(.init1)
 *(.init2)
 .init2         0x00000054        0xc d:/emcaddad imt/01- tools/imt_sdk_win_64/winavr/bin/../lib/gcc/avr/4.3.3/../../../../avr/lib/avr5/crtm32.o
 *(.init2)
 *(.init3)
 *(.init3)
 *(.init4)
 .init4         0x00000060       0x16 d:/emcaddad imt/01- tools/imt_sdk_win_64/winavr/bin/../lib/gcc/avr/4.3.3/avr5\libgcc.a(_copy_data.o)
                0x00000060                __do_copy_data
 .init4         0x00000076       0x10 d:/emcaddad imt/01- tools/imt_sdk_win_64/winavr/bin/../lib/gcc/avr/4.3.3/avr5\libgcc.a(_clear_bss.o)
                0x00000076                __do_clear_bss
 *(.init4)
 *(.init5)
 *(.init5)
 *(.init6)
 *(.init6)
 *(.init7)
 *(.init7)
 *(.init8)
 *(.init8)
 *(.init9)
 .init9         0x00000086        0x8 d:/emcaddad imt/01- tools/imt_sdk_win_64/winavr/bin/../lib/gcc/avr/4.3.3/../../../../avr/lib/avr5/crtm32.o
 *(.init9)
 *(.text)
 .text          0x0000008e        0x4 d:/emcaddad imt/01- tools/imt_sdk_win_64/winavr/bin/../lib/gcc/avr/4.3.3/../../../../avr/lib/avr5/crtm32.o
                0x0000008e                __vector_1
                0x0000008e                __vector_12
                0x0000008e                __bad_interrupt
                0x0000008e                __vector_6
                0x0000008e                __vector_3
                0x0000008e                __vector_13
                0x0000008e                __vector_17
                0x0000008e                __vector_19
                0x0000008e                __vector_7
                0x0000008e                __vector_5
                0x0000008e                __vector_4
                0x0000008e                __vector_9
                0x0000008e                __vector_2
                0x0000008e                __vector_15
                0x0000008e                __vector_8
                0x0000008e                __vector_14
                0x0000008e                __vector_10
                0x0000008e                __vector_18
                0x0000008e                __vector_20
 .text          0x00000092        0x0 ./app/main.o
 .text          0x00000092        0x0 ./MCAL/TIMER/TIMER-pro.o
 .text          0x00000092        0x0 ./MCAL/GIE/GIE_prg.o
 .text          0x00000092        0x0 ./MCAL/EXTI/EXTI-pro.o
 .text          0x00000092        0x0 ./MCAL/DIO/DIO_pro.o
 .text          0x00000092        0x0 ./MCAL/ADC/MADC-pro.o
 .text          0x00000092        0x0 ./HAL/LCD/LCD_pro.o
 .text          0x00000092        0x0 ./HAL/KPD/KPD_pro.o
 .text          0x00000092        0x0 ./HAL/DC-MOTOR/DCM-pro.o
 .text          0x00000092        0x0 d:/emcaddad imt/01- tools/imt_sdk_win_64/winavr/bin/../lib/gcc/avr/4.3.3/avr5\libgcc.a(_divmodsi4.o)
 .text          0x00000092        0x0 d:/emcaddad imt/01- tools/imt_sdk_win_64/winavr/bin/../lib/gcc/avr/4.3.3/avr5\libgcc.a(_exit.o)
 .text          0x00000092        0x0 d:/emcaddad imt/01- tools/imt_sdk_win_64/winavr/bin/../lib/gcc/avr/4.3.3/avr5\libgcc.a(_copy_data.o)
 .text          0x00000092        0x0 d:/emcaddad imt/01- tools/imt_sdk_win_64/winavr/bin/../lib/gcc/avr/4.3.3/avr5\libgcc.a(_clear_bss.o)
 .text          0x00000092        0x0 d:/emcaddad imt/01- tools/imt_sdk_win_64/winavr/bin/../lib/gcc/avr/4.3.3/avr5\libgcc.a(_udivmodsi4.o)
                0x00000092                . = ALIGN (0x2)
 *(.text.*)
 .text.vSysteFrontEnd
                0x00000092       0x5c ./app/main.o
                0x00000092                vSysteFrontEnd
 .text.vSysteOption
                0x000000ee       0x96 ./app/main.o
                0x000000ee                vSysteOption
 .text.main     0x00000184       0x32 ./app/main.o
                0x00000184                main
 .text.Adc_Isr2
                0x000001b6       0x8c ./app/main.o
                0x000001b6                Adc_Isr2
 .text.Adc_Isr  0x00000242       0x98 ./app/main.o
                0x00000242                Adc_Isr
 .text.Timer_Isr
                0x000002da       0x36 ./app/main.o
                0x000002da                Timer_Isr
 .text.MTIMERS_vInit
                0x00000310        0xa ./MCAL/TIMER/TIMER-pro.o
                0x00000310                MTIMERS_vInit
 .text.MTIMERS_vSetPreloadValue
                0x0000031a        0x4 ./MCAL/TIMER/TIMER-pro.o
                0x0000031a                MTIMERS_vSetPreloadValue
 .text.MTIMERS_vSetInterval_Asynch
                0x0000031e       0x26 ./MCAL/TIMER/TIMER-pro.o
                0x0000031e                MTIMERS_vSetInterval_Asynch
 .text.MTIMERS_vStartTimer
                0x00000344        0xa ./MCAL/TIMER/TIMER-pro.o
                0x00000344                MTIMERS_vStartTimer
 .text.MTIMERS_vStopTimer
                0x0000034e        0x8 ./MCAL/TIMER/TIMER-pro.o
                0x0000034e                MTIMERS_vStopTimer
 .text.__vector_11
                0x00000356       0xa2 ./MCAL/TIMER/TIMER-pro.o
                0x00000356                __vector_11
 .text.MGIE_vEnableGlobalInterrupt
                0x000003f8        0x8 ./MCAL/GIE/GIE_prg.o
                0x000003f8                MGIE_vEnableGlobalInterrupt
 .text.MGIE_vDisableGlobalInterrupt
                0x00000400        0x8 ./MCAL/GIE/GIE_prg.o
                0x00000400                MGIE_vDisableGlobalInterrupt
 .text.MEXTI_vDisableInterrupt
                0x00000408       0x24 ./MCAL/EXTI/EXTI-pro.o
                0x00000408                MEXTI_vDisableInterrupt
 .text.MEXTI_vSetSenseControl
                0x0000042c       0xaa ./MCAL/EXTI/EXTI-pro.o
                0x0000042c                MEXTI_vSetSenseControl
 .text.MEXTI_vEnableInterrupt
                0x000004d6       0x3e ./MCAL/EXTI/EXTI-pro.o
                0x000004d6                MEXTI_vEnableInterrupt
 .text.MDIO_vSetPinDir
                0x00000514       0xe6 ./MCAL/DIO/DIO_pro.o
                0x00000514                MDIO_vSetPinDir
 .text.MDIO_vSetPinVal
                0x000005fa       0xe6 ./MCAL/DIO/DIO_pro.o
                0x000005fa                MDIO_vSetPinVal
 .text.MDIO_vTogPinVal
                0x000006e0       0x6a ./MCAL/DIO/DIO_pro.o
                0x000006e0                MDIO_vTogPinVal
 .text.MDIO_u8GetPinVal
                0x0000074a       0x40 ./MCAL/DIO/DIO_pro.o
                0x0000074a                MDIO_u8GetPinVal
 .text.MDIO_vSetPortDir
                0x0000078a       0x22 ./MCAL/DIO/DIO_pro.o
                0x0000078a                MDIO_vSetPortDir
 .text.MDIO_vSetPortVal
                0x000007ac       0x22 ./MCAL/DIO/DIO_pro.o
                0x000007ac                MDIO_vSetPortVal
 .text.MDIO_u8GetPortVal
                0x000007ce       0x24 ./MCAL/DIO/DIO_pro.o
                0x000007ce                MDIO_u8GetPortVal
 .text.MADC_vInit
                0x000007f2       0x16 ./MCAL/ADC/MADC-pro.o
                0x000007f2                MADC_vInit
 .text.MADC_u16AnalogRead
                0x00000808       0x1a ./MCAL/ADC/MADC-pro.o
                0x00000808                MADC_u16AnalogRead
 .text.MADC_vStartConversion
                0x00000822        0xe ./MCAL/ADC/MADC-pro.o
                0x00000822                MADC_vStartConversion
 .text.MADC_u16GetADCData
                0x00000830        0x8 ./MCAL/ADC/MADC-pro.o
                0x00000830                MADC_u16GetADCData
 .text.MADC_xGetFlagStatus
                0x00000838       0x14 ./MCAL/ADC/MADC-pro.o
                0x00000838                MADC_xGetFlagStatus
 .text.MADC_vSetCallback
                0x0000084c        0xa ./MCAL/ADC/MADC-pro.o
                0x0000084c                MADC_vSetCallback
 .text.MADC_vStartADCConversion_Asynch
                0x00000856       0x1e ./MCAL/ADC/MADC-pro.o
                0x00000856                MADC_vStartADCConversion_Asynch
 .text.__vector_16
                0x00000874       0x66 ./MCAL/ADC/MADC-pro.o
                0x00000874                __vector_16
 .text.HLCD_vSendChar
                0x000008da       0x4c ./HAL/LCD/LCD_pro.o
                0x000008da                HLCD_vSendChar
 .text.HLCD_vDisplayCustomChar
                0x00000926        0xa ./HAL/LCD/LCD_pro.o
                0x00000926                HLCD_vDisplayCustomChar
 .text.HLCD_vPrintNumber
                0x00000930       0xca ./HAL/LCD/LCD_pro.o
                0x00000930                HLCD_vPrintNumber
 .text.HLCD_vPrintString
                0x000009fa       0x26 ./HAL/LCD/LCD_pro.o
                0x000009fa                HLCD_vPrintString
 .text.HLCD_vSendCommand
                0x00000a20       0x4c ./HAL/LCD/LCD_pro.o
                0x00000a20                HLCD_vSendCommand
 .text.HLCD_vShiftPostion
                0x00000a6c       0x14 ./HAL/LCD/LCD_pro.o
                0x00000a6c                HLCD_vShiftPostion
 .text.HLCD_vClearDisplay
                0x00000a80        0x8 ./HAL/LCD/LCD_pro.o
                0x00000a80                HLCD_vClearDisplay
 .text.HLCD_vSaveCustomChar
                0x00000a88       0x3e ./HAL/LCD/LCD_pro.o
                0x00000a88                HLCD_vSaveCustomChar
 .text.HLCD_vGoToXY
                0x00000ac6       0x16 ./HAL/LCD/LCD_pro.o
                0x00000ac6                HLCD_vGoToXY
 .text.HLCD_vInit
                0x00000adc       0x78 ./HAL/LCD/LCD_pro.o
                0x00000adc                HLCD_vInit
 .text.HKPD_u8GetPressedKey
                0x00000b54       0x8c ./HAL/KPD/KPD_pro.o
                0x00000b54                HKPD_u8GetPressedKey
 .text.HKPD_vInit
                0x00000be0       0x12 ./HAL/KPD/KPD_pro.o
                0x00000be0                HKPD_vInit
 .text.HDCM_vStop
                0x00000bf2       0x16 ./HAL/DC-MOTOR/DCM-pro.o
                0x00000bf2                HDCM_vStop
 .text.HDCM_vRotateCCW
                0x00000c08       0x16 ./HAL/DC-MOTOR/DCM-pro.o
                0x00000c08                HDCM_vRotateCCW
 .text.HDCM_vRotateCW
                0x00000c1e       0x16 ./HAL/DC-MOTOR/DCM-pro.o
                0x00000c1e                HDCM_vRotateCW
 .text.HDCM_vInit
                0x00000c34       0x16 ./HAL/DC-MOTOR/DCM-pro.o
                0x00000c34                HDCM_vInit
 .text.HDCM_vInit2
                0x00000c4a       0x2e ./HAL/DC-MOTOR/DCM-pro.o
                0x00000c4a                HDCM_vInit2
 .text.libgcc   0x00000c78       0x36 d:/emcaddad imt/01- tools/imt_sdk_win_64/winavr/bin/../lib/gcc/avr/4.3.3/avr5\libgcc.a(_divmodsi4.o)
                0x00000c78                __divmodsi4
 .text.libgcc   0x00000cae        0x0 d:/emcaddad imt/01- tools/imt_sdk_win_64/winavr/bin/../lib/gcc/avr/4.3.3/avr5\libgcc.a(_exit.o)
 .text.libgcc   0x00000cae        0x0 d:/emcaddad imt/01- tools/imt_sdk_win_64/winavr/bin/../lib/gcc/avr/4.3.3/avr5\libgcc.a(_copy_data.o)
 .text.libgcc   0x00000cae        0x0 d:/emcaddad imt/01- tools/imt_sdk_win_64/winavr/bin/../lib/gcc/avr/4.3.3/avr5\libgcc.a(_clear_bss.o)
 .text.libgcc   0x00000cae       0x44 d:/emcaddad imt/01- tools/imt_sdk_win_64/winavr/bin/../lib/gcc/avr/4.3.3/avr5\libgcc.a(_udivmodsi4.o)
                0x00000cae                __udivmodsi4
                0x00000cf2                . = ALIGN (0x2)
 *(.fini9)
 .fini9         0x00000cf2        0x0 d:/emcaddad imt/01- tools/imt_sdk_win_64/winavr/bin/../lib/gcc/avr/4.3.3/avr5\libgcc.a(_exit.o)
                0x00000cf2                exit
                0x00000cf2                _exit
 *(.fini9)
 *(.fini8)
 *(.fini8)
 *(.fini7)
 *(.fini7)
 *(.fini6)
 *(.fini6)
 *(.fini5)
 *(.fini5)
 *(.fini4)
 *(.fini4)
 *(.fini3)
 *(.fini3)
 *(.fini2)
 *(.fini2)
 *(.fini1)
 *(.fini1)
 *(.fini0)
 .fini0         0x00000cf2        0x4 d:/emcaddad imt/01- tools/imt_sdk_win_64/winavr/bin/../lib/gcc/avr/4.3.3/avr5\libgcc.a(_exit.o)
 *(.fini0)
                0x00000cf6                _etext = .

.data           0x00800060       0x68 load address 0x00000cf6
                0x00800060                PROVIDE (__data_start, .)
 *(.data)
 .data          0x00800060        0x0 d:/emcaddad imt/01- tools/imt_sdk_win_64/winavr/bin/../lib/gcc/avr/4.3.3/../../../../avr/lib/avr5/crtm32.o
 .data          0x00800060       0x56 ./app/main.o
 .data          0x008000b6        0x0 ./MCAL/TIMER/TIMER-pro.o
 .data          0x008000b6        0x0 ./MCAL/GIE/GIE_prg.o
 .data          0x008000b6        0x0 ./MCAL/EXTI/EXTI-pro.o
 .data          0x008000b6        0x0 ./MCAL/DIO/DIO_pro.o
 .data          0x008000b6        0x0 ./MCAL/ADC/MADC-pro.o
 .data          0x008000b6        0x0 ./HAL/LCD/LCD_pro.o
 .data          0x008000b6        0x0 ./HAL/KPD/KPD_pro.o
 .data          0x008000b6        0x0 ./HAL/DC-MOTOR/DCM-pro.o
 .data          0x008000b6        0x0 d:/emcaddad imt/01- tools/imt_sdk_win_64/winavr/bin/../lib/gcc/avr/4.3.3/avr5\libgcc.a(_divmodsi4.o)
 .data          0x008000b6        0x0 d:/emcaddad imt/01- tools/imt_sdk_win_64/winavr/bin/../lib/gcc/avr/4.3.3/avr5\libgcc.a(_exit.o)
 .data          0x008000b6        0x0 d:/emcaddad imt/01- tools/imt_sdk_win_64/winavr/bin/../lib/gcc/avr/4.3.3/avr5\libgcc.a(_copy_data.o)
 .data          0x008000b6        0x0 d:/emcaddad imt/01- tools/imt_sdk_win_64/winavr/bin/../lib/gcc/avr/4.3.3/avr5\libgcc.a(_clear_bss.o)
 .data          0x008000b6        0x0 d:/emcaddad imt/01- tools/imt_sdk_win_64/winavr/bin/../lib/gcc/avr/4.3.3/avr5\libgcc.a(_udivmodsi4.o)
 *(.data*)
 .data.xAdcFlag
                0x008000b6        0x1 ./MCAL/ADC/MADC-pro.o
                0x008000b6                xAdcFlag
 .data.G_u8KeyMab
                0x008000b7       0x10 ./HAL/KPD/KPD_pro.o
                0x008000b7                G_u8KeyMab
 *(.rodata)
 *(.rodata*)
 *(.gnu.linkonce.d*)
                0x008000c8                . = ALIGN (0x2)
 *fill*         0x008000c7        0x1 00
                0x008000c8                _edata = .
                0x008000c8                PROVIDE (__data_end, .)

.bss            0x008000c8       0x13
                0x008000c8                PROVIDE (__bss_start, .)
 *(.bss)
 .bss           0x008000c8        0x0 d:/emcaddad imt/01- tools/imt_sdk_win_64/winavr/bin/../lib/gcc/avr/4.3.3/../../../../avr/lib/avr5/crtm32.o
 .bss           0x008000c8        0x0 ./app/main.o
 .bss           0x008000c8        0x0 ./MCAL/TIMER/TIMER-pro.o
 .bss           0x008000c8        0x0 ./MCAL/GIE/GIE_prg.o
 .bss           0x008000c8        0x0 ./MCAL/EXTI/EXTI-pro.o
 .bss           0x008000c8        0x0 ./MCAL/DIO/DIO_pro.o
 .bss           0x008000c8        0x0 ./MCAL/ADC/MADC-pro.o
 .bss           0x008000c8        0x0 ./HAL/LCD/LCD_pro.o
 .bss           0x008000c8        0x0 ./HAL/KPD/KPD_pro.o
 .bss           0x008000c8        0x0 ./HAL/DC-MOTOR/DCM-pro.o
 .bss           0x008000c8        0x0 d:/emcaddad imt/01- tools/imt_sdk_win_64/winavr/bin/../lib/gcc/avr/4.3.3/avr5\libgcc.a(_divmodsi4.o)
 .bss           0x008000c8        0x0 d:/emcaddad imt/01- tools/imt_sdk_win_64/winavr/bin/../lib/gcc/avr/4.3.3/avr5\libgcc.a(_exit.o)
 .bss           0x008000c8        0x0 d:/emcaddad imt/01- tools/imt_sdk_win_64/winavr/bin/../lib/gcc/avr/4.3.3/avr5\libgcc.a(_copy_data.o)
 .bss           0x008000c8        0x0 d:/emcaddad imt/01- tools/imt_sdk_win_64/winavr/bin/../lib/gcc/avr/4.3.3/avr5\libgcc.a(_clear_bss.o)
 .bss           0x008000c8        0x0 d:/emcaddad imt/01- tools/imt_sdk_win_64/winavr/bin/../lib/gcc/avr/4.3.3/avr5\libgcc.a(_udivmodsi4.o)
 *(.bss*)
 .bss.G_u8TimerFlag
                0x008000c8        0x1 ./app/main.o
                0x008000c8                G_u8TimerFlag
 .bss.G_u16Adc_Value
                0x008000c9        0x2 ./app/main.o
                0x008000c9                G_u16Adc_Value
 .bss.LS_u32Counter.1233
                0x008000cb        0x4 ./MCAL/TIMER/TIMER-pro.o
 *(COMMON)
 COMMON         0x008000cf        0x6 ./MCAL/TIMER/TIMER-pro.o
                0x008000cf                G_TIM0_OVF_Callback
                0x008000d1                G_u32IntervalCount
 COMMON         0x008000d5        0x6 ./MCAL/ADC/MADC-pro.o
                0x008000d5                ADC_Callback_2
                0x008000d7                ADC_Callback
                0x008000d9                G_pu16ADC_Data
                0x008000db                PROVIDE (__bss_end, .)
                0x00000cf6                __data_load_start = LOADADDR (.data)
                0x00000d5e                __data_load_end = (__data_load_start + SIZEOF (.data))

.noinit         0x008000db        0x0
                0x008000db                PROVIDE (__noinit_start, .)
 *(.noinit*)
                0x008000db                PROVIDE (__noinit_end, .)
                0x008000db                _end = .
                0x008000db                PROVIDE (__heap_start, .)

.eeprom         0x00810000        0x0
 *(.eeprom*)
                0x00810000                __eeprom_end = .

.fuse
 *(.fuse)
 *(.lfuse)
 *(.hfuse)
 *(.efuse)

.lock
 *(.lock*)

.signature
 *(.signature*)

.stab
 *(.stab)

.stabstr
 *(.stabstr)

.stab.excl
 *(.stab.excl)

.stab.exclstr
 *(.stab.exclstr)

.stab.index
 *(.stab.index)

.stab.indexstr
 *(.stab.indexstr)

.comment
 *(.comment)

.debug
 *(.debug)

.line
 *(.line)

.debug_srcinfo
 *(.debug_srcinfo)

.debug_sfnames
 *(.debug_sfnames)

.debug_aranges
 *(.debug_aranges)

.debug_pubnames
 *(.debug_pubnames)

.debug_info
 *(.debug_info)
 *(.gnu.linkonce.wi.*)

.debug_abbrev
 *(.debug_abbrev)

.debug_line
 *(.debug_line)

.debug_frame
 *(.debug_frame)

.debug_str
 *(.debug_str)

.debug_loc
 *(.debug_loc)

.debug_macinfo
 *(.debug_macinfo)
OUTPUT(smart_houm1.elf elf32-avr)
LOAD linker stubs
